<?php return array (
  0 => 'Symfony\\Bundle\\FrameworkBundle\\EventListener\\SessionListener',
  1 => 'Symfony\\Component\\HttpFoundation\\Session\\Storage\\SessionStorageInterface',
  2 => 'Symfony\\Component\\HttpFoundation\\Session\\Storage\\NativeSessionStorage',
  3 => 'Symfony\\Component\\HttpFoundation\\Session\\Storage\\Handler\\NativeSessionHandler',
  4 => 'Symfony\\Component\\HttpFoundation\\Session\\Storage\\Proxy\\AbstractProxy',
  5 => 'Symfony\\Component\\HttpFoundation\\Session\\Storage\\Proxy\\SessionHandlerProxy',
  6 => 'Symfony\\Component\\HttpFoundation\\Session\\Session',
  8 => 'Symfony\\Component\\Routing\\Matcher\\UrlMatcherInterface',
  9 => 'Symfony\\Component\\Routing\\Generator\\UrlGeneratorInterface',
  10 => 'Symfony\\Component\\Routing\\RouterInterface',
  11 => 'Symfony\\Component\\Routing\\Matcher\\UrlMatcher',
  12 => 'Symfony\\Component\\Routing\\Generator\\UrlGenerator',
  13 => 'Symfony\\Component\\Routing\\Matcher\\RedirectableUrlMatcherInterface',
  14 => 'Symfony\\Component\\Routing\\RequestContextAwareInterface',
  15 => 'Symfony\\Component\\Routing\\RequestContext',
  16 => 'Symfony\\Component\\Routing\\Router',
  17 => 'Symfony\\Bundle\\FrameworkBundle\\Routing\\RedirectableUrlMatcher',
  18 => 'Symfony\\Bundle\\FrameworkBundle\\Routing\\Router',
  19 => 'Symfony\\Bundle\\FrameworkBundle\\Templating\\GlobalVariables',
  20 => 'Symfony\\Bundle\\FrameworkBundle\\Templating\\EngineInterface',
  21 => 'Symfony\\Component\\Templating\\StreamingEngineInterface',
  22 => 'Symfony\\Component\\Templating\\TemplateNameParserInterface',
  23 => 'Symfony\\Component\\Templating\\TemplateNameParser',
  24 => 'Symfony\\Component\\Templating\\EngineInterface',
  25 => 'Symfony\\Component\\Config\\FileLocatorInterface',
  26 => 'Symfony\\Component\\Templating\\TemplateReferenceInterface',
  27 => 'Symfony\\Component\\Templating\\TemplateReference',
  28 => 'Symfony\\Bundle\\FrameworkBundle\\Templating\\TemplateReference',
  29 => 'Symfony\\Bundle\\FrameworkBundle\\Templating\\TemplateNameParser',
  30 => 'Symfony\\Bundle\\FrameworkBundle\\Templating\\Loader\\TemplateLocator',
  31 => 'Symfony\\Component\\HttpFoundation\\ParameterBag',
  32 => 'Symfony\\Component\\HttpFoundation\\HeaderBag',
  33 => 'Symfony\\Component\\HttpFoundation\\FileBag',
  34 => 'Symfony\\Component\\HttpFoundation\\ServerBag',
  35 => 'Symfony\\Component\\HttpFoundation\\Request',
  36 => 'Symfony\\Component\\HttpFoundation\\Response',
  37 => 'Symfony\\Component\\HttpFoundation\\ResponseHeaderBag',
  38 => 'Symfony\\Component\\Config\\FileLocator',
  39 => 'Symfony\\Component\\EventDispatcher\\EventDispatcherInterface',
  40 => 'Symfony\\Component\\EventDispatcher\\EventDispatcher',
  41 => 'Symfony\\Component\\EventDispatcher\\Event',
  42 => 'Symfony\\Component\\EventDispatcher\\EventSubscriberInterface',
  43 => 'Symfony\\Component\\EventDispatcher\\ContainerAwareEventDispatcher',
  44 => 'Symfony\\Component\\HttpKernel\\HttpKernel',
  45 => 'Symfony\\Component\\HttpKernel\\EventListener\\ResponseListener',
  46 => 'Symfony\\Component\\HttpKernel\\EventListener\\RouterListener',
  47 => 'Symfony\\Component\\HttpKernel\\Controller\\ControllerResolver',
  48 => 'Symfony\\Component\\HttpKernel\\Controller\\ControllerResolverInterface',
  49 => 'Symfony\\Component\\HttpKernel\\Event\\KernelEvent',
  50 => 'Symfony\\Component\\HttpKernel\\Event\\FilterControllerEvent',
  51 => 'Symfony\\Component\\HttpKernel\\Event\\FilterResponseEvent',
  52 => 'Symfony\\Component\\HttpKernel\\Event\\GetResponseEvent',
  53 => 'Symfony\\Component\\HttpKernel\\Event\\GetResponseForControllerResultEvent',
  54 => 'Symfony\\Component\\HttpKernel\\Event\\GetResponseForExceptionEvent',
  55 => 'Symfony\\Component\\HttpKernel\\KernelEvents',
  56 => 'Symfony\\Component\\HttpKernel\\Config\\FileLocator',
  57 => 'Symfony\\Bundle\\FrameworkBundle\\Controller\\ControllerNameParser',
  58 => 'Symfony\\Bundle\\FrameworkBundle\\Controller\\ControllerResolver',
  59 => 'Symfony\\Bundle\\FrameworkBundle\\HttpKernel',
  60 => 'Twig_Environment',
  61 => 'Twig_ExtensionInterface',
  62 => 'Twig_Extension',
  63 => 'Twig_Extension_Core',
  64 => 'Twig_Extension_Escaper',
  65 => 'Twig_Extension_Optimizer',
  66 => 'Twig_LoaderInterface',
  67 => 'Twig_Markup',
  68 => 'Twig_TemplateInterface',
  69 => 'Twig_Template',
);